// Jest Snapshot v1, https://goo.gl/fbAQLP

exports[`Button should render correctly 1`] = `
ShallowWrapper {
  Symbol(enzyme.__root__): [Circular],
  Symbol(enzyme.__unrendered__): <ButtonComponent
    name="button test"
  />,
  Symbol(enzyme.__renderer__): Object {
    "batchedUpdates": [Function],
    "getNode": [Function],
    "render": [Function],
    "simulateError": [Function],
    "simulateEvent": [Function],
    "unmount": [Function],
  },
  Symbol(enzyme.__node__): Object {
    "instance": null,
    "key": undefined,
    "nodeType": "function",
    "props": Object {
      "children": Array [
        " ",
        undefined,
        undefined,
      ],
      "name": "button test",
    },
    "ref": null,
    "rendered": Array [
      " ",
      undefined,
      undefined,
    ],
    "type": Object {
      "$$typeof": Symbol(react.forward_ref),
      "attrs": Object {
        "className": "form-button",
      },
      "componentStyle": ComponentStyle {
        "componentId": "Button-lke34x-0",
        "isStatic": false,
        "rules": Array [
          "margin-bottom:30px;justify-content:space-between;display:flex;width:80%;background:",
          [Function],
          ";color:",
          [Function],
          ";cursor:",
          [Function],
          ";font-size:",
          [Function],
          ";align-items:center;font-weight:600;opacity:",
          [Function],
          ";outline:none;padding:",
          [Function],
          "};&:hover:enabled{background:",
          [Function],
          ";color:",
          [Function],
          ";}",
        ],
      },
      "displayName": "Button",
      "render": [Function],
      "styledComponentId": "Button-lke34x-0",
      "target": "button",
      "warnTooManyClasses": [Function],
      "withComponent": [Function],
    },
  },
  Symbol(enzyme.__nodes__): Array [
    Object {
      "instance": null,
      "key": undefined,
      "nodeType": "function",
      "props": Object {
        "children": Array [
          " ",
          undefined,
          undefined,
        ],
        "name": "button test",
      },
      "ref": null,
      "rendered": Array [
        " ",
        undefined,
        undefined,
      ],
      "type": Object {
        "$$typeof": Symbol(react.forward_ref),
        "attrs": Object {
          "className": "form-button",
        },
        "componentStyle": ComponentStyle {
          "componentId": "Button-lke34x-0",
          "isStatic": false,
          "rules": Array [
            "margin-bottom:30px;justify-content:space-between;display:flex;width:80%;background:",
            [Function],
            ";color:",
            [Function],
            ";cursor:",
            [Function],
            ";font-size:",
            [Function],
            ";align-items:center;font-weight:600;opacity:",
            [Function],
            ";outline:none;padding:",
            [Function],
            "};&:hover:enabled{background:",
            [Function],
            ";color:",
            [Function],
            ";}",
          ],
        },
        "displayName": "Button",
        "render": [Function],
        "styledComponentId": "Button-lke34x-0",
        "target": "button",
        "warnTooManyClasses": [Function],
        "withComponent": [Function],
      },
    },
  ],
  Symbol(enzyme.__options__): Object {
    "adapter": ReactSixteenAdapter {
      "options": Object {
        "enableComponentDidUpdateOnSetState": true,
        "lifecycles": Object {
          "componentDidUpdate": Object {
            "onSetState": true,
          },
          "getDerivedStateFromProps": true,
          "getSnapshotBeforeUpdate": true,
          "setState": Object {
            "skipsComponentDidUpdateOnNullish": true,
          },
        },
      },
    },
  },
}
`;
